// Jest Snapshot v1, https://goo.gl/fbAQLP

exports[`<LayoutPageView />  renders layout page 1`] = `
<div
  className="layoutPage"
>
  <SideMenuBarContainer
    buttons={Array []}
    dispatchNewCard={[MockFunction dispatchNewCardMock]}
  />
  <div
    className="childFlexGrow"
  >
    <div>
      Children Mock
    </div>
  </div>
</div>
`;
